mode: set
url-shortener/internal/store/store.go:20.23,26.2 1 1
url-shortener/internal/store/store.go:28.57,33.12 4 1
url-shortener/internal/store/store.go:33.12,35.3 1 1
url-shortener/internal/store/store.go:36.2,36.21 1 1
url-shortener/internal/store/store.go:39.62,41.16 2 1
url-shortener/internal/store/store.go:41.16,43.3 1 0
url-shortener/internal/store/store.go:45.2,47.11 3 1
url-shortener/internal/store/store.go:47.11,50.3 2 1
url-shortener/internal/store/store.go:51.2,57.58 4 1
url-shortener/internal/store/store.go:57.58,59.3 1 0
url-shortener/internal/store/store.go:61.2,62.16 2 1
url-shortener/internal/store/store.go:62.16,64.3 1 0
url-shortener/internal/store/store.go:65.2,69.25 4 1
url-shortener/internal/functions.go:21.58,23.30 1 1
url-shortener/internal/functions.go:23.30,25.3 1 1
url-shortener/internal/functions.go:27.2,27.17 1 1
url-shortener/internal/functions.go:27.17,29.3 1 1
url-shortener/internal/functions.go:31.2,32.18 2 1
url-shortener/internal/functions.go:32.18,36.3 3 1
url-shortener/internal/functions.go:39.2,40.40 2 1
url-shortener/internal/functions.go:40.40,42.3 1 1
url-shortener/internal/functions.go:44.2,44.28 1 1
url-shortener/internal/functions.go:48.48,51.19 2 1
url-shortener/internal/functions.go:51.19,53.3 1 1
url-shortener/internal/functions.go:55.2,56.16 2 1
url-shortener/internal/functions.go:56.16,58.3 1 1
url-shortener/internal/functions.go:61.2,65.47 4 1
url-shortener/internal/functions.go:65.47,67.3 1 1
url-shortener/internal/functions.go:69.2,69.23 1 1
url-shortener/internal/functions.go:69.23,71.3 1 1
url-shortener/internal/functions.go:74.2,78.56 2 1
url-shortener/internal/functions.go:78.56,80.3 1 1
url-shortener/internal/functions.go:83.2,83.65 1 1
url-shortener/internal/functions.go:83.65,85.3 1 1
url-shortener/internal/functions.go:88.2,88.23 1 1
url-shortener/internal/functions.go:88.23,90.3 1 1
url-shortener/internal/functions.go:94.2,94.27 1 1
url-shortener/internal/functions.go:94.27,96.3 1 1
url-shortener/internal/functions.go:98.2,98.29 1 1
url-shortener/cmd/server/main.go:18.66,22.16 3 1
url-shortener/cmd/server/main.go:22.16,25.3 2 0
url-shortener/cmd/server/main.go:27.2,28.16 2 1
url-shortener/cmd/server/main.go:28.16,31.3 2 1
url-shortener/cmd/server/main.go:33.2,41.33 5 1
url-shortener/cmd/server/main.go:44.69,47.16 2 1
url-shortener/cmd/server/main.go:47.16,50.3 2 0
url-shortener/cmd/server/main.go:52.2,53.16 2 1
url-shortener/cmd/server/main.go:53.16,54.43 1 1
url-shortener/cmd/server/main.go:54.43,57.4 2 1
url-shortener/cmd/server/main.go:58.3,59.9 2 0
url-shortener/cmd/server/main.go:66.2,66.48 1 1
url-shortener/cmd/server/main.go:69.44,74.2 4 0
url-shortener/cmd/server/main.go:76.13,92.60 8 0
url-shortener/cmd/server/main.go:92.60,94.3 1 0
